2026-01-30 14:36:41.887 21636-21816 MultiStreamRTSPServer   com.rtsp.camera                      E  Error handling client 192.168.100.62:50870 (Fix with AI)
                                                                                                    java.net.SocketException: Socket closed
                                                                                                    	at java.net.SocketInputStream.socketRead0(Native Method)
                                                                                                    	at java.net.SocketInputStream.socketRead(SocketInputStream.java:119)
                                                                                                    	at java.net.SocketInputStream.read(SocketInputStream.java:176)
                                                                                                    	at java.net.SocketInputStream.read(SocketInputStream.java:144)
                                                                                                    	at sun.nio.cs.StreamDecoder.readBytes(StreamDecoder.java:291)
                                                                                                    	at sun.nio.cs.StreamDecoder.implRead(StreamDecoder.java:355)
                                                                                                    	at sun.nio.cs.StreamDecoder.read(StreamDecoder.java:181)
                                                                                                    	at java.io.InputStreamReader.read(InputStreamReader.java:184)
                                                                                                    	at java.io.BufferedReader.fill(BufferedReader.java:172)
                                                                                                    	at java.io.BufferedReader.readLine(BufferedReader.java:335)
                                                                                                    	at java.io.BufferedReader.readLine(BufferedReader.java:400)
                                                                                                    	at com.rtsp.camera.rtsp.MultiStreamRTSPServer.readRTSPRequest(MultiStreamRTSPServer.kt:235)
                                                                                                    	at com.rtsp.camera.rtsp.MultiStreamRTSPServer.handleClient$lambda$5(MultiStreamRTSPServer.kt:174)
                                                                                                    	at com.rtsp.camera.rtsp.MultiStreamRTSPServer.$r8$lambda$tqaxXpqrtZo8mwUbt6W5scSqCoU(Unknown Source:0)
                                                                                                    	at com.rtsp.camera.rtsp.MultiStreamRTSPServer$$ExternalSyntheticLambda1.run(Unknown Source:6)
                                                                                                    	at java.lang.Thread.run(Thread.java:923)
2026-01-30 14:36:41.887 21636-21636 RequestQueue            com.rtsp.camera                      I  Repeating capture request cancelled.
2026-01-30 14:36:41.888 21636-21816 MultiStreamRTSPServer   com.rtsp.camera                      D  Client disconnected: 192.168.100.62:50870
2026-01-30 14:36:41.900 21636-21696 BufferQueueProducer     com.rtsp.camera                      E  [SurfaceTexture-1-21636-1](id:548400000002,api:4,p:2504,c:21636) queueBuffer: BufferQueue has been abandoned
2026-01-30 14:36:41.920 21636-21696 BufferQueueProducer     com.rtsp.camera                      E  [SurfaceTexture-1-21636-1](id:548400000002,api:4,p:2504,c:21636) cancelBuffer: BufferQueue has been abandoned
2026-01-30 14:36:41.932 21636-21696 chatty                  com.rtsp.camera                      I  uid=10265(com.rtsp.camera) Binder:21636_4 identical 12 lines
2026-01-30 14:36:41.933 21636-21696 BufferQueueProducer     com.rtsp.camera                      E  [SurfaceTexture-1-21636-1](id:548400000002,api:4,p:2504,c:21636) cancelBuffer: BufferQueue has been abandoned
2026-01-30 14:36:42.107 21636-21696 libc                    com.rtsp.camera                      E  Access denied finding property "vendor.camera.aux.packagelist"
2026-01-30 14:36:42.123 21636-21696 libc                    com.rtsp.camera                      E  Access denied finding property "vendor.camera.aux.packagelist"
2026-01-30 14:36:42.143 21636-21753 GLCameraRenderer        com.rtsp.camera                      D  GLCameraRenderer released
2026-01-30 14:36:42.144 21636-21636 VideoRenderPipeline     com.rtsp.camera                      D  Video render pipeline stopped
2026-01-30 14:36:42.184 21636-21636 H264Encoder             com.rtsp.camera                      D  Encoder released
2026-01-30 14:36:42.310 21636-21760 CCodecBufferChannel     com.rtsp.camera                      D  [c2.android.aac.encoder#125] MediaCodec discarded an unknown buffer
2026-01-30 14:36:42.311 21636-21760 chatty                  com.rtsp.camera                      I  uid=10265(com.rtsp.camera) MediaCodec_loop identical 5 lines
2026-01-30 14:36:42.311 21636-21760 CCodecBufferChannel     com.rtsp.camera                      D  [c2.android.aac.encoder#125] MediaCodec discarded an unknown buffer
2026-01-30 14:36:42.331 21636-21636 AACEncoder              com.rtsp.camera                      D  Audio encoder released
2026-01-30 14:36:42.332 21636-21760 hw-BpHwBinder           com.rtsp.camera                      I  onLastStrongRef automatically unlinking death recipients
2026-01-30 14:36:42.365 21636-21636 RTSPService             com.rtsp.camera                      I  Streaming stopped
2026-01-30 14:36:43.856 21636-21636 LightSensorManager      com.rtsp.camera                      D  Light sensor stopped
2026-01-30 14:36:43.856 21636-21636 RTSPService             com.rtsp.camera                      I  RTSPService destroyed, all resources released
2026-01-30 14:36:45.932 21636-21636 MainActivity            com.rtsp.camera                      D  Button clicked, rtspService=true, serviceBound=true, state=com.rtsp.camera.model.StreamingState$Idle@f4a6eb2
2026-01-30 14:36:45.936 21636-21636 RTSPService             com.rtsp.camera                      D  startStreaming called, currentState=com.rtsp.camera.model.StreamingState$Idle@f4a6eb2
2026-01-30 14:36:45.937 21636-21636 RTSPService             com.rtsp.camera                      D  State allows starting, proceeding...
2026-01-30 14:36:45.972 21636-21636 KeepAliveManager        com.rtsp.camera                      I  Starting keep-alive manager
2026-01-30 14:36:45.980 21636-21636 KeepAliveManager        com.rtsp.camera                      D  WakeLock acquired
2026-01-30 14:36:45.986 21636-21636 KeepAliveManager        com.rtsp.camera                      D  WifiLock acquired
2026-01-30 14:36:45.992 21636-21636 KeepAliveManager        com.rtsp.camera                      D  Keep-alive alarm scheduled
2026-01-30 14:36:45.994 21636-21636 KeepAliveManager        com.rtsp.camera                      I  Keep-alive manager started with all strategies
2026-01-30 14:36:46.000 21636-21636 libc                    com.rtsp.camera                      E  Access denied finding property "vendor.camera.aux.packagelist"
2026-01-30 14:36:46.034 21636-21636 RTSPService             com.rtsp.camera                      D  Target: 1280x720, Optimal: 1280x720
2026-01-30 14:36:46.046 21636-21636 libc                    com.rtsp.camera                      E  Access denied finding property "persist.vendor.camera.privapp.list"
2026-01-30 14:36:46.047 21636-21636 CameraManager           com.rtsp.camera                      I  Using legacy camera HAL.
2026-01-30 14:36:46.059 21636-21696 libc                    com.rtsp.camera                      E  Access denied finding property "vendor.camera.aux.packagelist"
2026-01-30 14:36:46.062 21636-21696 libc                    com.rtsp.camera                      E  Access denied finding property "vendor.camera.aux.packagelist"
2026-01-30 14:36:46.119 21636-21636 libc                    com.rtsp.camera                      E  Access denied finding property "vendor.camera.aux.packagelist"
2026-01-30 14:36:46.159 21636-21872 OMXClient               com.rtsp.camera                      I  IOmx service obtained
2026-01-30 14:36:46.211 21636-21872 OMXUtils                com.rtsp.camera                      W  do not know color format 0x7fa30c04 = 2141391876
2026-01-30 14:36:46.212 21636-21872 OMXUtils                com.rtsp.camera                      W  do not know color format 0x7f000789 = 2130708361
2026-01-30 14:36:46.232 21636-21872 ACodec                  com.rtsp.camera                      I  setupAVCEncoderParameters with [profile: Baseline] [level: Level31]
2026-01-30 14:36:46.236 21636-21872 ACodec                  com.rtsp.camera                      I  [OMX.qcom.video.encoder.avc] cannot encode HDR static metadata. Ignoring.
2026-01-30 14:36:46.237 21636-21872 ACodec                  com.rtsp.camera                      I  setupVideoEncoder succeeded
2026-01-30 14:36:46.239 21636-21872 OMXUtils                com.rtsp.camera                      W  do not know color format 0x7f000789 = 2130708361
2026-01-30 14:36:46.254 21636-21636 VideoRenderPipeline     com.rtsp.camera                      D  Initializing video render pipeline: 1280x720
2026-01-30 14:36:46.263 21636-21878 GLCameraRenderer        com.rtsp.camera                      D  EGL initialized successfully
2026-01-30 14:36:46.264 21636-21878 GLCameraRenderer        com.rtsp.camera                      D  OpenGL shaders compiled and linked
2026-01-30 14:36:46.271 21636-21878 GLCameraRenderer        com.rtsp.camera                      D  Textures initialized. Camera: 1, OSD: 2
2026-01-30 14:36:46.271 21636-21878 GLCameraRenderer        com.rtsp.camera                      D  GLCameraRenderer initialized: 1280x720
2026-01-30 14:36:46.271 21636-21878 VideoRenderPipeline     com.rtsp.camera                      D  GL renderer initialized on render thread
2026-01-30 14:36:46.272 21636-21636 RTSPService             com.rtsp.camera                      D  GPU OSD rendering enabled, rotation=0
2026-01-30 14:36:46.306 21636-21636 H264Encoder             com.rtsp.camera                      D  Encoder started: 1280x720 @ 1000kbps
2026-01-30 14:36:46.313 21636-21636 CameraDeviceState       com.rtsp.camera                      I  Legacy camera service transitioning to state CONFIGURING
2026-01-30 14:36:46.314 21636-21870 RequestThread-0         com.rtsp.camera                      I  Configure outputs: 2 surfaces configured.
2026-01-30 14:36:46.315 21636-21870 Camera                  com.rtsp.camera                      D  app passed NULL surface
2026-01-30 14:36:46.349 21636-21636 CameraDeviceState       com.rtsp.camera                      I  Legacy camera service transitioning to state IDLE
2026-01-30 14:36:46.352 21636-21831 RequestQueue            com.rtsp.camera                      I  Repeating capture request set.
2026-01-30 14:36:46.354 21636-21636 MultiStreamRTSPServer   com.rtsp.camera                      I  Registered stream: live (1280x720)
2026-01-30 14:36:46.357 21636-21870 LegacyRequestMapper     com.rtsp.camera                      W  convertRequestMetadata - control.awbRegions setting is not supported, ignoring value
2026-01-30 14:36:46.357 21636-21870 LegacyRequestMapper     com.rtsp.camera                      W  Only received metering rectangles with weight 0.
2026-01-30 14:36:46.357 21636-21870 LegacyRequestMapper     com.rtsp.camera                      W  Only received metering rectangles with weight 0.
2026-01-30 14:36:46.358 21636-21636 MultiStreamRTSPServer   com.rtsp.camera                      I  Multi-stream RTSP Server started on port 8554
2026-01-30 14:36:46.358 21636-21636 MultiStreamRTSPServer   com.rtsp.camera                      I  Available streams: [live]
2026-01-30 14:36:46.369 21636-21878 GLCameraRenderer        com.rtsp.camera                      D  Preview surface attached: 1080x607
2026-01-30 14:36:46.387 21636-21636 RTSPService             com.rtsp.camera                      I  Streaming started: rtsp://192.168.100.230:8554/live
                                                                                                    
                                                                                                    [          1769755006.379 21508:21508 I/(1)[21508:kworker/1:1][OPPO_CHG][battery_notify_vbat_check][BATTERY] FULL,tbatt_status 0,notify_code:128
2026-01-30 14:36:46.599 21636-21881 CameraDeviceState       com.rtsp.camera                      I  Legacy camera service transitioning to state CAPTURING
2026-01-30 14:36:46.621 21636-21872 ACodec                  com.rtsp.camera                      D  dataspace changed to 0x10c10000 (R:2(Limited), P:3(BT601_6_625), M:3(BT601_6), T:3(SMPTE170M)) (R:2(Limited), S:2(BT601_625), T:3(SMPTE_170M))
2026-01-30 14:36:46.658 21636-21880 H264Encoder             com.rtsp.camera                      D  Output format changed. SPS: 21 bytes, PPS: 8 bytes
2026-01-30 14:36:46.658 21636-21880 RTSPService             com.rtsp.camera                      D  onEncodedFrame[live]: frame=1, size=29, flags=2
2026-01-30 14:36:46.658 21636-21880 RTSPService             com.rtsp.camera                      D  Got codec config frame for live
2026-01-30 14:36:46.658 21636-21880 RTSPService             com.rtsp.camera                      D  Setting SPS/PPS: sps=21, pps=8
2026-01-30 14:36:46.671 21636-21880 RTSPService             com.rtsp.camera                      D  onEncodedFrame[live]: frame=2, size=5287, flags=1
2026-01-30 14:36:46.672 21636-21880 RTSPService             com.rtsp.camera                      D  Sending frame to RTSP: path=live, clients=0
2026-01-30 14:36:46.716 21636-21880 RTSPService             com.rtsp.camera                      D  onEncodedFrame[live]: frame=3, size=2684, flags=0
2026-01-30 14:36:46.716 21636-21880 RTSPService             com.rtsp.camera                      D  Sending frame to RTSP: path=live, clients=0
2026-01-30 14:36:46.742 21636-21880 RTSPService             com.rtsp.camera                      D  onEncodedFrame[live]: frame=4, size=5847, flags=0
2026-01-30 14:36:46.742 21636-21880 RTSPService             com.rtsp.camera                      D  Sending frame to RTSP: path=live, clients=0
2026-01-30 14:36:46.780 21636-21880 RTSPService             com.rtsp.camera                      D  onEncodedFrame[live]: frame=5, size=6910, flags=0
2026-01-30 14:36:46.780 21636-21880 RTSPService             com.rtsp.camera                      D  Sending frame to RTSP: path=live, clients=0
2026-01-30 14:36:47.335 21636-21764 BufferPoolAccessor2.0   com.rtsp.camera                      D  bufferpool2 0x774c61a228 : 0(0 size) total buffers - 0(0 size) used buffers - 0/5 (recycle/alloc) - 4/576 (fetch/transfer)
2026-01-30 14:36:47.336 21636-21764 BufferPoolAccessor2.0   com.rtsp.camera                      D  evictor expired: 1, evicted: 1
2026-01-30 14:36:50.015 21636-21882 MultiStreamRTSPServer   com.rtsp.camera                      D  New client connected: 192.168.100.62:56634
2026-01-30 14:36:50.028 21636-21922 MultiStreamRTSPServer   com.rtsp.camera                      D  RTSP Request from 192.168.100.62:56634: OPTIONS rtsp://192.168.100.230:8554/live
2026-01-30 14:36:50.029 21636-21922 MultiStreamRTSPServer   com.rtsp.camera                      D  extractStreamPath: uri=rtsp://192.168.100.230:8554/live, cleanUri=rtsp://192.168.100.230:8554/live, path=live, streams=[live]
2026-01-30 14:36:50.029 21636-21922 MultiStreamRTSPServer   com.rtsp.camera                      D  Extracted stream path: live (from rtsp://192.168.100.230:8554/live)
2026-01-30 14:36:50.029 21636-21922 MultiStreamRTSPServer   com.rtsp.camera                      I  Client 192.168.100.62:56634 registered to stream: live
2026-01-30 14:36:50.047 21636-21922 MultiStreamRTSPServer   com.rtsp.camera                      D  RTSP Response: RTSP/1.0 200 OK
2026-01-30 14:36:50.049 21636-21878 GLCameraRenderer        com.rtsp.camera                      D  Preview surface attached: 1080x607
2026-01-30 14:36:50.049 21636-21922 MultiStreamRTSPServer   com.rtsp.camera                      D  RTSP Request from 192.168.100.62:56634: DESCRIBE rtsp://192.168.100.230:8554/live
2026-01-30 14:36:50.050 21636-21922 MultiStreamRTSPServer   com.rtsp.camera                      D  extractStreamPath: uri=rtsp://192.168.100.230:8554/live, cleanUri=rtsp://192.168.100.230:8554/live, path=live, streams=[live]
2026-01-30 14:36:50.050 21636-21922 MultiStreamRTSPServer   com.rtsp.camera                      D  Extracted stream path: live (from rtsp://192.168.100.230:8554/live)
2026-01-30 14:36:50.057 21636-21922 MultiStreamRTSPServer   com.rtsp.camera                      D  RTSP Response: RTSP/1.0 200 OK
2026-01-30 14:36:50.061 21636-21922 MultiStreamRTSPServer   com.rtsp.camera                      D  RTSP Request from 192.168.100.62:56634: SETUP rtsp://192.168.100.230:8554/live/track0
2026-01-30 14:36:50.062 21636-21922 MultiStreamRTSPServer   com.rtsp.camera                      D  extractStreamPath: uri=rtsp://192.168.100.230:8554/live/track0, cleanUri=rtsp://192.168.100.230:8554/live, path=live, streams=[live]
2026-01-30 14:36:50.062 21636-21922 MultiStreamRTSPServer   com.rtsp.camera                      D  Extracted stream path: live (from rtsp://192.168.100.230:8554/live/track0)
2026-01-30 14:36:50.062 21636-21922 MultiStreamRTSPServer   com.rtsp.camera                      D  SETUP Transport header: RTP/AVP/TCP;unicast;interleaved=0-1
2026-01-30 14:36:50.062 21636-21922 MultiStreamRTSPServer   com.rtsp.camera                      I  Client using TCP interleaved mode: RTP channel=0, RTCP channel=1
2026-01-30 14:36:50.062 21636-21922 MultiStreamRTSPServer   com.rtsp.camera                      D  SETUP Response Transport: RTP/AVP/TCP;unicast;interleaved=0-1
2026-01-30 14:36:50.064 21636-21922 MultiStreamRTSPServer   com.rtsp.camera                      D  RTSP Response: RTSP/1.0 200 OK
2026-01-30 14:36:50.067 21636-21922 MultiStreamRTSPServer   com.rtsp.camera                      D  RTSP Request from 192.168.100.62:56634: PLAY rtsp://192.168.100.230:8554/live
2026-01-30 14:36:50.067 21636-21922 MultiStreamRTSPServer   com.rtsp.camera                      D  extractStreamPath: uri=rtsp://192.168.100.230:8554/live, cleanUri=rtsp://192.168.100.230:8554/live, path=live, streams=[live]
2026-01-30 14:36:50.068 21636-21922 MultiStreamRTSPServer   com.rtsp.camera                      D  Extracted stream path: live (from rtsp://192.168.100.230:8554/live)
2026-01-30 14:36:50.068 21636-21922 RTSPService             com.rtsp.camera                      D  Client started playing, requesting key frame
2026-01-30 14:36:50.072 21636-21922 MultiStreamRTSPServer   com.rtsp.camera                      D  RTSP Response: RTSP/1.0 200 OK
2026-01-30 14:36:50.098 21636-21880 MultiStreamRTSPServer   com.rtsp.camera                      D  sendVideoFrame[live]: dataSize=16662, nalUnits=1, clients=1
2026-01-30 14:36:50.186 21636-21880 MultiStreamRTSPServer   com.rtsp.camera                      D  sendVideoFrame[live]: dataSize=22101, nalUnits=1, clients=1
2026-01-30 14:36:50.257 21636-21880 MultiStreamRTSPServer   com.rtsp.camera                      D  sendVideoFrame[live]: dataSize=12261, nalUnits=1, clients=1
2026-01-30 14:36:50.283 21636-21880 RTSPService             com.rtsp.camera                      D  onEncodedFrame[live]: frame=100, size=1503, flags=0
2026-01-30 14:36:54.087 21636-21880 RTSPService             com.rtsp.camera                      D  onEncodedFrame[live]: frame=200, size=3416, flags=0
2026-01-30 14:36:56.541 21636-21636 MainActivity            com.rtsp.camera                      D  Button clicked, rtspService=true, serviceBound=true, state=Streaming(rtspUrl=rtsp://192.168.100.230:8554/live, clientCount=1)
2026-01-30 14:36:56.547 21636-21636 LightSensorManager      com.rtsp.camera                      D  Light sensor stopped
2026-01-30 14:36:56.549 21636-21636 KeepAliveManager        com.rtsp.camera                      I  Stopping keep-alive manager
2026-01-30 14:36:56.558 21636-21636 KeepAliveManager        com.rtsp.camera                      D  WifiLock released
2026-01-30 14:36:56.559 21636-21636 KeepAliveManager        com.rtsp.camera                      D  WakeLock released
2026-01-30 14:36:56.561 21636-21636 MultiStreamRTSPServer   com.rtsp.camera                      I  Multi-stream RTSP Server stopped
2026-01-30 14:36:56.562 21636-21636 RequestQueue            com.rtsp.camera                      I  Repeating capture request cancelled.
2026-01-30 14:36:56.563 21636-21922 MultiStreamRTSPServer   com.rtsp.camera                      E  Error handling client 192.168.100.62:56634 (Fix with AI)
                                                                                                    java.net.SocketException: Socket closed
                                                                                                    	at java.net.SocketInputStream.socketRead0(Native Method)
                                                                                                    	at java.net.SocketInputStream.socketRead(SocketInputStream.java:119)
                                                                                                    	at java.net.SocketInputStream.read(SocketInputStream.java:176)
                                                                                                    	at java.net.SocketInputStream.read(SocketInputStream.java:144)
                                                                                                    	at sun.nio.cs.StreamDecoder.readBytes(StreamDecoder.java:291)
                                                                                                    	at sun.nio.cs.StreamDecoder.implRead(StreamDecoder.java:355)
                                                                                                    	at sun.nio.cs.StreamDecoder.read(StreamDecoder.java:181)
                                                                                                    	at java.io.InputStreamReader.read(InputStreamReader.java:184)
                                                                                                    	at java.io.BufferedReader.fill(BufferedReader.java:172)
                                                                                                    	at java.io.BufferedReader.readLine(BufferedReader.java:335)
                                                                                                    	at java.io.BufferedReader.readLine(BufferedReader.java:400)
                                                                                                    	at com.rtsp.camera.rtsp.MultiStreamRTSPServer.readRTSPRequest(MultiStreamRTSPServer.kt:235)
                                                                                                    	at com.rtsp.camera.rtsp.MultiStreamRTSPServer.handleClient$lambda$5(MultiStreamRTSPServer.kt:174)
                                                                                                    	at com.rtsp.camera.rtsp.MultiStreamRTSPServer.$r8$lambda$tqaxXpqrtZo8mwUbt6W5scSqCoU(Unknown Source:0)
                                                                                                    	at com.rtsp.camera.rtsp.MultiStreamRTSPServer$$ExternalSyntheticLambda1.run(Unknown Source:6)
                                                                                                    	at java.lang.Thread.run(Thread.java:923)
2026-01-30 14:36:56.563 21636-21922 MultiStreamRTSPServer   com.rtsp.camera                      D  Client disconnected: 192.168.100.62:56634
2026-01-30 14:36:56.611 21636-21696 BufferQueueProducer     com.rtsp.camera                      E  [SurfaceTexture-1-21636-3](id:548400000005,api:4,p:2504,c:21636) cancelBuffer: BufferQueue has been abandoned
2026-01-30 14:36:56.628 21636-21696 chatty                  com.rtsp.camera                      I  uid=10265(com.rtsp.camera) Binder:21636_4 identical 12 lines
2026-01-30 14:36:56.630 21636-21696 BufferQueueProducer     com.rtsp.camera                      E  [SurfaceTexture-1-21636-3](id:548400000005,api:4,p:2504,c:21636) cancelBuffer: BufferQueue has been abandoned
2026-01-30 14:36:56.809 21636-21696 libc                    com.rtsp.camera                      E  Access denied finding property "vendor.camera.aux.packagelist"
2026-01-30 14:36:56.820 21636-21696 libc                    com.rtsp.camera                      E  Access denied finding property "vendor.camera.aux.packagelist"
2026-01-30 14:36:56.840 21636-21878 GLCameraRenderer        com.rtsp.camera                      D  GLCameraRenderer released
2026-01-30 14:36:56.841 21636-21636 VideoRenderPipeline     com.rtsp.camera                      D  Video render pipeline stopped
2026-01-30 14:36:56.874 21636-21636 H264Encoder             com.rtsp.camera                      D  Encoder released
2026-01-30 14:36:56.915 21636-21636 RTSPService             com.rtsp.camera                      I  Streaming stopped
